
> aims@0.1.0 build
> react-scripts build

node.exe : (node:18572) [DEP0176] DeprecationWarning: fs.F_OK is deprecated, use fs.constants.F_OK instead
At line:1 char:1
+ & "C:\Program Files\nodejs/node.exe" "C:\Program Files\nodejs/node_mo ...
+ ~~~~~~~~~~~~~~~~~~~~~~~~~~~~~~~~~~~~~~~~~~~~~~~~~~~~~~~~~~~~~~~~~~~~~
    + CategoryInfo          : NotSpecified: ((node:18572) [D...ts.F_OK instead:String) [], RemoteException
    + FullyQualifiedErrorId : NativeCommandError
 
(Use `node --trace-deprecation ...` to show where the warning was created)
Creating an optimized production build...
Failed to compile.

Failed to minify the bundle. Error: static/js/main.6805c235.js from Terser plugin
Data cannot be cloned, out of memory.
DataCloneError: Data cannot be cloned, out of memory.
    at new Promise (<anonymous>)
    at new Promise (<anonymous>)
    at E:\aims\node_modules\react-scripts\scripts\build.js:179:23
    at finalCallback (E:\aims\node_modules\webpack\lib\Compiler.js:519:32)
    at E:\aims\node_modules\webpack\lib\Compiler.js:543:13
    at Hook.eval [as callAsync] (eval at create (E:\aims\node_modules\tapable\lib\HookCodeFactory.js:31:10), <anonymous>:15:1)
    at Hook.CALL_ASYNC_DELEGATE [as _callAsync] (E:\aims\node_modules\tapable\lib\Hook.js:21:14)
    at onCompiled (E:\aims\node_modules\webpack\lib\Compiler.js:541:21)
    at E:\aims\node_modules\webpack\lib\Compiler.js:1378:17
    at Hook.eval [as callAsync] (eval at create (E:\aims\node_modules\tapable\lib\HookCodeFactory.js:31:10), <anonymous>:6:1)
    at Hook.CALL_ASYNC_DELEGATE [as _callAsync] (E:\aims\node_modules\tapable\lib\Hook.js:21:14)
    at E:\aims\node_modules\webpack\lib\Compiler.js:1374:33
    at finalCallback (E:\aims\node_modules\webpack\lib\Compilation.js:3156:11)
    at E:\aims\node_modules\webpack\lib\Compilation.js:3492:11
    at Hook.eval [as callAsync] (eval at create (E:\aims\node_modules\tapable\lib\HookCodeFactory.js:31:10), <anonymous>:6:1)
    at Hook.CALL_ASYNC_DELEGATE [as _callAsync] (E:\aims\node_modules\tapable\lib\Hook.js:21:14)
    at E:\aims\node_modules\webpack\lib\Compilation.js:3485:38
    at eval (eval at create (E:\aims\node_modules\tapable\lib\HookCodeFactory.js:31:10), <anonymous>:15:1)
    at eval (eval at create (E:\aims\node_modules\tapable\lib\HookCodeFactory.js:31:10), <anonymous>:14:1)
    at process.processTicksAndRejections (node:internal/process/task_queues:104:5)
Read more here: https://cra.link/failed-to-minify

